// Jest Snapshot v1, https://goo.gl/fbAQLP

exports[`CartFormSkeleton matches snapshot 1`] = `
<div>
  <div
    class="flex min-h-[260px] w-full animate-pulse flex-col gap-4 rounded-2xl border p-8 lg:max-w-md"
  >
    <div>
      <div
        class="mb-4 h-6 w-32 rounded bg-gray-200"
      />
      <div
        class="mb-2 h-4 w-24 rounded bg-gray-100"
      />
      <div
        class="mb-2 h-4 w-20 rounded bg-gray-100"
      />
      <div
        class="my-4 h-1 w-full rounded bg-gray-100"
      />
      <div
        class="h-6 w-24 rounded bg-gray-200"
      />
    </div>
    <div
      class="flex gap-2"
    >
      <div
        class="flex flex-1 items-center rounded-lg border border-gray-200 bg-white px-4 py-2"
      >
        <div
          class="h-5 w-full rounded bg-gray-100"
        />
      </div>
      <div
        class="h-10 w-20 rounded bg-gray-200"
      />
    </div>
    <div
      class="mt-2 h-12 w-full rounded bg-gray-200"
    />
  </div>
</div>
`;
