// Jest Snapshot v1, https://goo.gl/fbAQLP

exports[`RestaurantsCategoryList displays correctly when there are no products 1`] = `
<DocumentFragment>
  <div>
    <h2
      class="text-[44px] leading-[44px] font-bold mb-[40px] text-primary"
    >
      Fast Food
    </h2>
    <div
      class="grid grid-cols-1 gap-[20px] lg:grid-cols-2 2xl:grid-cols-3"
    />
  </div>
</DocumentFragment>
`;

exports[`RestaurantsCategoryList displays heading and product list after loading 1`] = `
<DocumentFragment>
  <div>
    <h2
      class="text-[44px] leading-[44px] font-bold mb-[40px] text-primary"
    >
      Fast Food
    </h2>
    <div
      class="grid grid-cols-1 gap-[20px] lg:grid-cols-2 2xl:grid-cols-3"
    >
      <a
        class="block"
        href="/product-detail/1"
      >
        <div
          class="text-card-foreground flex justify-between gap-[18px] rounded-[12px] bg-[#fdfdfd] px-[30px] py-[24px] border border-black/10 shadow-[5px_5px_34px_0_rgba(0,0,0,0.25)] 2xl:w-[496px] cursor-pointer transition-all duration-200 hover:scale-100 hover:shadow-[0_8px_32px_0_rgba(0,0,0,0.40)] xl:hover:scale-105"
        >
          <div
            class="flex min-h-[178px] flex-col justify-evenly text-black lg:pt-[19px]"
          >
            <p
              class="mb-[15px] text-xl font-semiBold leading-[23px]"
            >
              Pizza
            </p>
            <p
              class="mb-2 font-base text-sm leading-[25px]"
            >
              Delicious pizza
            </p>
            <p
              class="text-lg font-bold leading-[18px]"
            >
              GDP 10
            </p>
          </div>
          <div
            class="relative h-40 w-40 flex-shrink-0"
          >
            <img
              alt="Pizza"
              class="rounded-xl object-cover"
              src="/pizza.jpg"
            />
            <button
              aria-label="Button add to cart"
              class="inline-flex items-center justify-center gap-2 whitespace-nowrap font-medium transition-colors focus:outline-none focus:ring-2 focus:ring-primary/50 disabled:opacity-50 disabled:pointer-events-none bg-secondary text-white hover:bg-[#1a1f33] text-[18px] leading-[24px] absolute bottom-0 right-0 z-10 h-[49px] w-[49px] rounded-full p-0 shadow-lg"
            >
              <svg
                aria-hidden="true"
                class="lucide lucide-plus h-[25px] w-[25px]"
                fill="none"
                height="24"
                stroke="currentColor"
                stroke-linecap="round"
                stroke-linejoin="round"
                stroke-width="2"
                viewBox="0 0 24 24"
                width="24"
                xmlns="http://www.w3.org/2000/svg"
              >
                <path
                  d="M5 12h14"
                />
                <path
                  d="M12 5v14"
                />
              </svg>
            </button>
          </div>
        </div>
      </a>
      <a
        class="block"
        href="/product-detail/2"
      >
        <div
          class="text-card-foreground flex justify-between gap-[18px] rounded-[12px] bg-[#fdfdfd] px-[30px] py-[24px] border border-black/10 shadow-[5px_5px_34px_0_rgba(0,0,0,0.25)] 2xl:w-[496px] cursor-pointer transition-all duration-200 hover:scale-100 hover:shadow-[0_8px_32px_0_rgba(0,0,0,0.40)] xl:hover:scale-105"
        >
          <div
            class="flex min-h-[178px] flex-col justify-evenly text-black lg:pt-[19px]"
          >
            <p
              class="mb-[15px] text-xl font-semiBold leading-[23px]"
            >
              Burger
            </p>
            <p
              class="mb-2 font-base text-sm leading-[25px]"
            >
              Juicy burger
            </p>
            <p
              class="text-lg font-bold leading-[18px]"
            >
              GDP 8
            </p>
          </div>
          <div
            class="relative h-40 w-40 flex-shrink-0"
          >
            <img
              alt="Burger"
              class="rounded-xl object-cover"
              src="/burger.jpg"
            />
            <button
              aria-label="Button add to cart"
              class="inline-flex items-center justify-center gap-2 whitespace-nowrap font-medium transition-colors focus:outline-none focus:ring-2 focus:ring-primary/50 disabled:opacity-50 disabled:pointer-events-none bg-secondary text-white hover:bg-[#1a1f33] text-[18px] leading-[24px] absolute bottom-0 right-0 z-10 h-[49px] w-[49px] rounded-full p-0 shadow-lg"
            >
              <svg
                aria-hidden="true"
                class="lucide lucide-plus h-[25px] w-[25px]"
                fill="none"
                height="24"
                stroke="currentColor"
                stroke-linecap="round"
                stroke-linejoin="round"
                stroke-width="2"
                viewBox="0 0 24 24"
                width="24"
                xmlns="http://www.w3.org/2000/svg"
              >
                <path
                  d="M5 12h14"
                />
                <path
                  d="M12 5v14"
                />
              </svg>
            </button>
          </div>
        </div>
      </a>
    </div>
  </div>
</DocumentFragment>
`;
