// Jest Snapshot v1, https://goo.gl/fbAQLP

exports[`HeaderInfoBar matches snapshot 1`] = `
<DocumentFragment>
  <div
    class="relative flex justify-between px-[37px] py-[25px] xl:pb-[20px] rounded-xl border border-base bg-gray-50 lg:rounded-b-xl lg:rounded-t-none text-xs font-medium text-black lg:text-[15px]"
  >
    <p
      class="hidden sm:flex md:items-center"
    >
      <span
        class="mr-[15px]"
      >
        🌟
      </span>
       Get 5% Off your first order, 
      <span
        class="ml-1 font-bold text-primary"
      >
        Promo: ORDER5
      </span>
    </p>
    <div
      class="hidden items-center justify-center gap-[25px] lg:pr-60 xl:flex"
    >
      <p
        class="flex items-center gap-[15px]"
      >
        <svg
          data-testid="location-icon"
        />
         Regent Street, A4, A4201, London
      </p>
      <button
        aria-label="Change Location Button"
        class="border-unset h-0 cursor-not-allowed bg-transparent p-0 font-bold text-primary focus:border-transparent focus:outline-none focus:ring-0"
        data-testid="button-mock"
      >
        Change Location
      </button>
    </div>
    <button
      aria-label="Button Cart"
      class="absolute right-0 top-0 flex items-center justify-between gap-4 h-[70px] w-full px-4 sm:w-auto sm:px-6 xl:w-[250px] rounded-xl focus:outline-none focus:ring-0 lg:rounded-b-xl lg:rounded-t-none bg-green-700 text-white"
      data-testid="button-mock"
      type="button"
      variant="tertiary"
    >
      <span
        class="relative flex items-center"
      >
        <svg
          class="h-[32px] w-[32px]"
          data-testid="cart-icon"
        />
      </span>
      <span
        class="whitespace-nowrap border-l border-r border-white px-4 text-sm font-semiBold"
      >
        0 Items
      </span>
      <span
        class="whitespace-nowrap text-sm font-semiBold"
      >
        $ 0.00
      </span>
    </button>
  </div>
</DocumentFragment>
`;
