// Jest Snapshot v1, https://goo.gl/fbAQLP

exports[`ProfilePage UI should render loading state and match snapshot 1`] = `
<DocumentFragment>
  <div
    class="container flex min-h-screen flex-col items-start px-0 pt-12"
  >
    <div
      class="mb-8 h-10 w-32 rounded"
      data-testid="skeleton-mock"
    />
    <div
      class="mb-6 min-w-[400px] rounded-xl border border-muted bg-white px-8 py-6 shadow-base"
    >
      <div
        class="mb-2 h-6 w-20 rounded"
        data-testid="skeleton-mock"
      />
      <div
        class="h-6 w-48 rounded"
        data-testid="skeleton-mock"
      />
    </div>
    <div
      class="h-12 w-[140px] rounded-md px-6 py-2"
      data-testid="skeleton-mock"
    />
  </div>
</DocumentFragment>
`;

exports[`ProfilePage UI should render nothing if no session or no email 1`] = `<DocumentFragment />`;

exports[`ProfilePage UI should render profile info and logout button, match snapshot 1`] = `
<DocumentFragment>
  <div
    class="container flex min-h-screen flex-col items-start pt-12 sm:px-0"
  >
    <h1
      as="h1"
      class="mb-8"
      data-testid="heading-mock"
    >
      Profile
    </h1>
    <div
      class="border shadow-base mb-6 min-w-[400px] px-8 py-6 rounded-xl border-muted bg-white"
    >
      <p
        class="mb-2 text-lg font-bold"
      >
        Email
      </p>
      <p
        class="text-base text-gray-500"
      >
        test@example.com
      </p>
    </div>
    <button
      aria-label="Logout"
      class="rounded-md px-6 py-2"
      data-testid="button-mock"
      type="submit"
      variant="primary"
    >
      Logout
    </button>
  </div>
</DocumentFragment>
`;
