// Jest Snapshot v1, https://goo.gl/fbAQLP

exports[`SearchInput renders input with search icon and placeholder 1`] = `
<DocumentFragment>
  <div
    class="flex w-full items-center border border-secondary bg-background gap-[10px] rounded-[120px] md:px-[28px] px-3 py-2"
  >
    <span
      class="pointer-events-none flex-shrink-0 text-gray-400"
    >
      <svg
        aria-hidden="true"
        class="lucide lucide-search"
        fill="none"
        height="20"
        stroke="currentColor"
        stroke-linecap="round"
        stroke-linejoin="round"
        stroke-width="2"
        viewBox="0 0 24 24"
        width="20"
        xmlns="http://www.w3.org/2000/svg"
      >
        <path
          d="m21 21-4.34-4.34"
        />
        <circle
          cx="11"
          cy="11"
          r="8"
        />
      </svg>
    </span>
    <input
      class="file:text-foreground placeholder:text-muted-foreground h-10 flex-1 border-none bg-transparent outline-none file:border-0 file:bg-transparent file:text-sm file:font-medium disabled:cursor-not-allowed disabled:opacity-50 md:text-sm"
      data-slot="input"
      name="input"
      placeholder="Search from menu..."
    />
  </div>
</DocumentFragment>
`;
