// Jest Snapshot v1, https://goo.gl/fbAQLP

exports[`ProductDetailSkeleton matches snapshot 1`] = `
<div>
  <section
    class="container mx-auto py-8 lg:px-0 mb-4"
  >
    <div
      class="flex gap-2 items-center"
    >
      <div
        class="animate-pulse rounded-md bg-muted h-6 w-32"
      />
      <span
        class="text-gray-400"
      >
        /
      </span>
      <div
        class="animate-pulse rounded-md bg-muted h-6 w-40"
      />
    </div>
    <div
      class="flex flex-col md:flex-row gap-8 mt-20"
    >
      <div
        class="flex-1"
      >
        <div
          class="animate-pulse bg-muted w-full max-w-[400px] h-[320px] md:h-[400px] rounded-xl object-contain lg:max-w-[752px] lg:h-[488px]"
        />
      </div>
      <div
        class="flex-1 font-regular text-gray-700 flex flex-col lg:max-w-[752px]"
      >
        <div
          class="animate-pulse rounded-md bg-muted h-[32px] w-full"
        />
        <div
          class="flex items-center gap-1 mt-8 h-[32px]"
        >
          <div
            class="animate-pulse bg-muted w-8 h-8 rounded-full"
          />
          <div
            class="animate-pulse bg-muted w-8 h-8 rounded-full"
          />
          <div
            class="animate-pulse bg-muted w-8 h-8 rounded-full"
          />
          <div
            class="animate-pulse bg-muted w-8 h-8 rounded-full"
          />
          <div
            class="animate-pulse bg-muted w-8 h-8 rounded-full"
          />
          <div
            class="animate-pulse rounded-md bg-muted ml-2 h-6 w-10"
          />
          <div
            class="animate-pulse rounded-md bg-muted h-6 w-6"
          />
        </div>
        <div
          class="animate-pulse rounded-md bg-muted h-8 w-32 mt-8 mb-4"
        />
        <div
          class="animate-pulse rounded-md bg-muted h-5 w-full max-w-[500px] mb-4"
        />
        <div
          class="mb-4 flex items-center gap-2"
        >
          <div
            class="animate-pulse rounded-md bg-muted h-5 w-24"
          />
        </div>
        <div
          class="mb-4"
        >
          <div
            class="animate-pulse rounded-md bg-muted h-5 w-32 mb-2"
          />
          <ul
            class="list-disc list-inside mt-2 flex flex-col gap-2"
          >
            <li
              class="flex items-center gap-2"
            >
              <div
                class="animate-pulse bg-muted h-4 w-4 rounded-full inline-block"
              />
              <div
                class="animate-pulse rounded-md bg-muted h-4 w-32"
              />
            </li>
            <li
              class="flex items-center gap-2"
            >
              <div
                class="animate-pulse bg-muted h-4 w-4 rounded-full inline-block"
              />
              <div
                class="animate-pulse rounded-md bg-muted h-4 w-32"
              />
            </li>
            <li
              class="flex items-center gap-2"
            >
              <div
                class="animate-pulse bg-muted h-4 w-4 rounded-full inline-block"
              />
              <div
                class="animate-pulse rounded-md bg-muted h-4 w-32"
              />
            </li>
            <li
              class="flex items-center gap-2"
            >
              <div
                class="animate-pulse bg-muted h-4 w-4 rounded-full inline-block"
              />
              <div
                class="animate-pulse rounded-md bg-muted h-4 w-32"
              />
            </li>
            <li
              class="flex items-center gap-2"
            >
              <div
                class="animate-pulse bg-muted h-4 w-4 rounded-full inline-block"
              />
              <div
                class="animate-pulse rounded-md bg-muted h-4 w-32"
              />
            </li>
            <li
              class="flex items-center gap-2"
            >
              <div
                class="animate-pulse bg-muted h-4 w-4 rounded-full inline-block"
              />
              <div
                class="animate-pulse rounded-md bg-muted h-4 w-32"
              />
            </li>
          </ul>
        </div>
      </div>
    </div>
    <div
      class="container mx-auto mt-20"
    >
      <div
        class="mb-12 flex justify-center"
      >
        <div
          class="animate-pulse rounded-md bg-muted h-10 w-72"
        />
      </div>
      <div
        class="grid grid-cols-1 sm:grid-cols-2 md:grid-cols-4 gap-6"
      >
        <div
          class="w-full h-[220px] sm:h-[220px] md:h-[240px] lg:h-[260px] bg-muted border border-black/10 rounded-xl shadow-[0_4px_24px_0_rgba(0,0,0,0.08)] animate-pulse"
        />
        <div
          class="w-full h-[220px] sm:h-[220px] md:h-[240px] lg:h-[260px] bg-muted border border-black/10 rounded-xl shadow-[0_4px_24px_0_rgba(0,0,0,0.08)] animate-pulse"
        />
        <div
          class="w-full h-[220px] sm:h-[220px] md:h-[240px] lg:h-[260px] bg-muted border border-black/10 rounded-xl shadow-[0_4px_24px_0_rgba(0,0,0,0.08)] animate-pulse"
        />
        <div
          class="w-full h-[220px] sm:h-[220px] md:h-[240px] lg:h-[260px] bg-muted border border-black/10 rounded-xl shadow-[0_4px_24px_0_rgba(0,0,0,0.08)] animate-pulse"
        />
      </div>
    </div>
  </section>
</div>
`;
